11: warning: 2 ICANN sections found
11: warning: No PRIVATE section found
