8: error: Unexpected end of section: '// ===END PRIVATE DOMAINS==='
8: error: ICANN section not closed
8: warning: No PRIVATE section found
