9: error: Rule must be NFKC: 'suÌˆdtirol.it'
11: warning: No PRIVATE section found
