11: warning: No ICANN section found
11: warning: 2 PRIVATE sections found
