4: error: Rule outside of section: 'example.com'
4: warning: No ICANN section found
4: warning: No PRIVATE section found
